\BOOKMARK [0][-]{chapter*.1}{\376\377\000A\000c\000e\000r\000c\000a\000\040\000d\000e\000\040\000e\000s\000t\000a\000\040\000e\000d\000i\000c\000i\000\363\000n}{}% 1
\BOOKMARK [-1][-]{part.1}{\376\377\000I\000\040\000F\000u\000n\000d\000a\000m\000e\000n\000t\000o\000s\000\040\000y\000\040\000v\000a\000r\000i\000e\000d\000a\000d\000e\000s\000\040\000s\000u\000a\000v\000e\000s}{}% 2
\BOOKMARK [0][-]{chapter.1}{\376\377\0001\000\040\000D\000i\000f\000e\000r\000e\000n\000c\000i\000a\000b\000i\000l\000i\000d\000a\000d\000\040\000y\000\040\000r\000e\000g\000l\000a\000\040\000d\000e\000\040\000l\000a\000\040\000c\000a\000d\000e\000n\000a}{part.1}% 3
\BOOKMARK [1][-]{section.1.1}{\376\377\0001\000.\0001\000\040\000D\000i\000f\000e\000r\000e\000n\000c\000i\000a\000b\000i\000l\000i\000d\000a\000d\000\040\000e\000n\000\040\000e\000s\000p\000a\000c\000i\000o\000s\000\040\000n\000o\000r\000m\000a\000d\000o\000s}{chapter.1}% 4
\BOOKMARK [1][-]{section.1.2}{\376\377\0001\000.\0002\000\040\000D\000i\000f\000e\000r\000e\000n\000c\000i\000a\000b\000i\000l\000i\000d\000a\000d\000\040\000e\000n\000\040\000c\000o\000n\000j\000u\000n\000t\000o\000s\000\040\000y\000\040\000r\000e\000g\000l\000a\000\040\000d\000e\000\040\000l\000a\000\040\000c\000a\000d\000e\000n\000a}{chapter.1}% 5
\BOOKMARK [1][-]{section.1.3}{\376\377\0001\000.\0003\000\040\000D\000e\000r\000i\000v\000a\000d\000a\000s\000\040\000p\000a\000r\000c\000i\000a\000l\000e\000s}{chapter.1}% 6
\BOOKMARK [0][-]{chapter.2}{\376\377\0002\000\040\000C\000u\000r\000v\000a\000s\000\040\000y\000\040\000v\000a\000r\000i\000e\000d\000a\000d\000e\000s\000\040\000t\000o\000p\000o\000l\000\363\000g\000i\000c\000a\000s}{part.1}% 7
\BOOKMARK [1][-]{section.2.1}{\376\377\0002\000.\0001\000\040\000C\000u\000r\000v\000a\000s\000\040\000y\000\040\000d\000i\000f\000e\000r\000e\000n\000c\000i\000a\000b\000i\000l\000i\000d\000a\000d}{chapter.2}% 8
\BOOKMARK [1][-]{section.2.2}{\376\377\0002\000.\0002\000\040\000V\000a\000r\000i\000e\000d\000a\000d\000e\000s\000\040\000d\000i\000f\000e\000r\000e\000n\000c\000i\000a\000b\000l\000e\000s}{chapter.2}% 9
\BOOKMARK [0][-]{chapter.3}{\376\377\0003\000\040\000T\000o\000p\000o\000l\000o\000g\000\355\000a\000\040\000c\000o\000c\000i\000e\000n\000t\000e}{part.1}% 10
\BOOKMARK [1][-]{section.3.1}{\376\377\0003\000.\0001\000\040\000T\000o\000p\000o\000l\000o\000g\000\355\000a\000\040\000c\000o\000c\000i\000e\000n\000t\000e}{chapter.3}% 11
\BOOKMARK [1][-]{section.3.2}{\376\377\0003\000.\0002\000\040\000E\000l\000\040\000e\000s\000p\000a\000c\000i\000o\000\040\000p\000r\000o\000y\000e\000c\000t\000i\000v\000o\000\040\000r\000e\000a\000l}{chapter.3}% 12
\BOOKMARK [1][-]{section.3.3}{\376\377\0003\000.\0003\000\040\000E\000l\000\040\000t\000o\000r\000o}{chapter.3}% 13
\BOOKMARK [0][-]{chapter.4}{\376\377\0004\000\040\000A\000t\000l\000a\000s\000\040\000y\000\040\000e\000s\000t\000r\000u\000c\000t\000u\000r\000a\000s\000\040\000s\000u\000a\000v\000e\000s}{part.1}% 14
\BOOKMARK [1][-]{section.4.1}{\376\377\0004\000.\0001\000\040\000A\000t\000l\000a\000s}{chapter.4}% 15
\BOOKMARK [1][-]{section.4.2}{\376\377\0004\000.\0002\000\040\000A\000t\000l\000a\000s\000\040\000m\000a\000x\000i\000m\000a\000l}{chapter.4}% 16
\BOOKMARK [1][-]{section.4.3}{\376\377\0004\000.\0003\000\040\000V\000a\000r\000i\000e\000d\000a\000d\000\040\000s\000u\000a\000v\000e}{chapter.4}% 17
\BOOKMARK [1][-]{section.4.4}{\376\377\0004\000.\0004\000\040\000T\000e\000o\000r\000e\000m\000a\000\040\000f\000u\000n\000d\000a\000m\000e\000n\000t\000a\000l\000\040\000s\000o\000b\000r\000e\000\040\000a\000t\000l\000a\000s\000\040\000m\000a\000x\000i\000m\000a\000l\000e\000s}{chapter.4}% 18
\BOOKMARK [1][-]{section.4.5}{\376\377\0004\000.\0005\000\040\000E\000j\000e\000m\000p\000l\000o\000s\000\040\000d\000e\000\040\000e\000s\000t\000r\000u\000c\000t\000u\000r\000a\000s\000\040\000s\000u\000a\000v\000e\000s}{chapter.4}% 19
\BOOKMARK [1][-]{section.4.6}{\376\377\0004\000.\0006\000\040\000F\000u\000n\000c\000i\000o\000n\000e\000s\000\040\000d\000i\000f\000e\000r\000e\000n\000c\000i\000a\000b\000l\000e\000s\000\040\000c\000o\000n\000\040\000d\000o\000m\000i\000n\000i\000o\000\040\000v\000a\000r\000i\000e\000d\000a\000d}{chapter.4}% 20
\BOOKMARK [1][-]{section.4.7}{\376\377\0004\000.\0007\000\040\000N\000o\000t\000a\000c\000i\000\363\000n}{chapter.4}% 21
\BOOKMARK [1][-]{section.4.8}{\376\377\0004\000.\0008\000\040\000F\000u\000n\000c\000i\000o\000n\000e\000s\000\040\000s\000u\000a\000v\000e\000s\000\040\000e\000n\000t\000r\000e\000\040\000v\000a\000r\000i\000e\000d\000a\000d\000e\000s}{chapter.4}% 22
\BOOKMARK [1][-]{section.4.9}{\376\377\0004\000.\0009\000\040\000P\000r\000o\000p\000o\000s\000i\000c\000i\000\363\000n}{chapter.4}% 23
\BOOKMARK [1][-]{section.4.10}{\376\377\0004\000.\0001\0000\000\040\000D\000i\000f\000e\000o\000m\000o\000r\000f\000i\000s\000m\000o\000s}{chapter.4}% 24
\BOOKMARK [1][-]{section.4.11}{\376\377\0004\000.\0001\0001\000\040\000D\000i\000f\000e\000o\000m\000o\000r\000f\000i\000s\000m\000o\000\040\000l\000o\000c\000a\000l}{chapter.4}% 25
\BOOKMARK [1][-]{section.4.12}{\376\377\0004\000.\0001\0002\000\040\000G\000r\000u\000p\000o\000s\000\040\000d\000e\000\040\000L\000i\000e}{chapter.4}% 26
\BOOKMARK [1][-]{section.4.13}{\376\377\0004\000.\0001\0003\000\040\000H\000o\000m\000o\000m\000o\000r\000f\000i\000s\000m\000o\000s\000\040\000d\000e\000\040\000g\000r\000u\000p\000o\000s\000\040\000d\000e\000\040\000L\000i\000e}{chapter.4}% 27
\BOOKMARK [0][-]{chapter.5}{\376\377\0005\000\040\000V\000e\000c\000t\000o\000r\000e\000s\000\040\000t\000a\000n\000g\000e\000n\000t\000e\000s}{part.1}% 28
\BOOKMARK [1][-]{section.5.1}{\376\377\0005\000.\0001\000\040\000V\000e\000c\000t\000o\000r\000e\000s\000\040\000t\000a\000n\000g\000e\000n\000t\000e\000s}{chapter.5}% 29
\BOOKMARK [1][-]{section.5.2}{\376\377\0005\000.\0002\000\040\000D\000e\000f\000i\000n\000i\000c\000i\000\363\000n\000\040\000d\000e\000\040\000v\000e\000c\000t\000o\000r\000\040\000t\000a\000n\000g\000e\000n\000t\000e}{chapter.5}% 30
\BOOKMARK [1][-]{section.5.3}{\376\377\0005\000.\0003\000\040\000E\000s\000t\000r\000u\000c\000t\000u\000r\000a\000\040\000d\000e\000\040\000e\000s\000p\000a\000c\000i\000o\000\040\000v\000e\000c\000t\000o\000r\000i\000a\000l}{chapter.5}% 31
\BOOKMARK [1][-]{section.5.4}{\376\377\0005\000.\0004\000\040\000L\000e\000m\000a\000\040\000t\000\351\000c\000n\000i\000c\000o\000:\000\040\000f\000u\000n\000c\000i\000o\000n\000e\000s\000\040\000c\000a\000m\000p\000a\000n\000a}{chapter.5}% 32
\BOOKMARK [1][-]{section.5.5}{\376\377\0005\000.\0005\000\040\000L\000e\000m\000a\000\040\000t\000\351\000c\000n\000i\000c\000o\000:\000\040\000e\000x\000t\000e\000n\000s\000i\000\363\000n\000\040\000d\000e\000\040\000f\000u\000n\000c\000i\000o\000n\000e\000s\000\040\000s\000u\000a\000v\000e\000s}{chapter.5}% 33
\BOOKMARK [1][-]{section.5.6}{\376\377\0005\000.\0006\000\040\000L\000o\000s\000\040\000v\000e\000c\000t\000o\000r\000e\000s\000\040\000t\000a\000n\000g\000e\000n\000t\000e\000s\000\040\000a\000c\000t\000\372\000a\000n\000\040\000d\000e\000\040\000f\000o\000r\000m\000a\000\040\000l\000o\000c\000a\000l}{chapter.5}% 34
\BOOKMARK [1][-]{section.5.7}{\376\377\0005\000.\0007\000\040\000V\000e\000c\000t\000o\000r\000e\000s\000\040\000c\000o\000o\000r\000d\000e\000n\000a\000d\000o\000s}{chapter.5}% 35
\BOOKMARK [1][-]{section.5.8}{\376\377\0005\000.\0008\000\040\000I\000n\000d\000e\000p\000e\000n\000d\000e\000n\000c\000i\000a\000\040\000l\000i\000n\000e\000a\000l\000\040\000d\000e\000\040\000l\000o\000s\000\040\000v\000e\000c\000t\000o\000r\000e\000s\000\040\000c\000o\000o\000r\000d\000e\000n\000a\000d\000o\000s}{chapter.5}% 36
\BOOKMARK [1][-]{section.5.9}{\376\377\0005\000.\0009\000\040\000U\000n\000\040\000l\000e\000m\000a\000\040\000s\000o\000b\000r\000e\000\040\000f\000u\000n\000c\000i\000o\000n\000e\000s\000\040\000c\000o\000n\000s\000t\000a\000n\000t\000e\000s}{chapter.5}% 37
\BOOKMARK [1][-]{section.5.10}{\376\377\0005\000.\0001\0000\000\040\000T\000e\000o\000r\000e\000m\000a\000\040\000s\000o\000b\000r\000e\000\040\000b\000a\000s\000e\000\040\000d\000e\000l\000\040\000e\000s\000p\000a\000c\000i\000o\000\040\000t\000a\000n\000g\000e\000n\000t\000e}{chapter.5}% 38
\BOOKMARK [0][-]{chapter.6}{\376\377\0006\000\040\000E\000l\000\040\000e\000s\000p\000a\000c\000i\000o\000\040\000t\000a\000n\000g\000e\000n\000t\000e\000\040\000y\000\040\000l\000a\000\040\000d\000i\000f\000e\000r\000e\000n\000c\000i\000a\000l}{part.1}% 39
\BOOKMARK [1][-]{section.6.1}{\376\377\0006\000.\0001\000\040\000E\000l\000\040\000e\000s\000p\000a\000c\000i\000o\000\040\000t\000a\000n\000g\000e\000n\000t\000e\000\040\000d\000e\000\040\000u\000n\000a\000\040\000c\000a\000r\000t\000a}{chapter.6}% 40
\BOOKMARK [1][-]{section.6.2}{\376\377\0006\000.\0002\000\040\000D\000i\000f\000e\000r\000e\000n\000c\000i\000a\000l\000\040\000d\000e\000\040\000u\000n\000a\000\040\000f\000u\000n\000c\000i\000\363\000n\000\040\000s\000u\000a\000v\000e}{chapter.6}% 41
\BOOKMARK [1][-]{section.6.3}{\376\377\0006\000.\0003\000\040\000R\000e\000g\000l\000a\000\040\000d\000e\000\040\000l\000a\000\040\000c\000a\000d\000e\000n\000a}{chapter.6}% 42
\BOOKMARK [1][-]{section.6.4}{\376\377\0006\000.\0004\000\040\000D\000i\000f\000e\000r\000e\000n\000c\000i\000a\000l\000\040\000d\000e\000\040\000u\000n\000\040\000d\000i\000f\000e\000o\000m\000o\000r\000f\000i\000s\000m\000o}{chapter.6}% 43
\BOOKMARK [1][-]{section.6.5}{\376\377\0006\000.\0005\000\040\000I\000d\000e\000n\000t\000i\000f\000i\000c\000a\000c\000i\000\363\000n\000\040\000e\000n\000t\000r\000e\000\040\000T\000p\000U\000\040\000y\000\040\000T\000p\000M}{chapter.6}% 44
\BOOKMARK [1][-]{section.6.6}{\376\377\0006\000.\0006\000\040\000E\000j\000e\000r\000c\000i\000c\000i\000o}{chapter.6}% 45
\BOOKMARK [1][-]{section.6.7}{\376\377\0006\000.\0007\000\040\000C\000a\000m\000b\000i\000o\000\040\000d\000e\000\040\000c\000o\000o\000r\000d\000e\000n\000a\000d\000a\000s}{chapter.6}% 46
\BOOKMARK [0][-]{chapter.7}{\376\377\0007\000\040\000F\000i\000b\000r\000a\000d\000o\000\040\000t\000a\000n\000g\000e\000n\000t\000e\000\040\000y\000\040\000d\000i\000f\000e\000r\000e\000n\000c\000i\000a\000l\000\040\000g\000l\000o\000b\000a\000l}{part.1}% 47
\BOOKMARK [1][-]{section.7.1}{\376\377\0007\000.\0001\000\040\000L\000a\000\040\000d\000i\000f\000e\000r\000e\000n\000c\000i\000a\000l\000\040\000d\000e\000\040\000u\000n\000a\000\040\000f\000u\000n\000c\000i\000\363\000n\000\040\000e\000n\000\040\000c\000o\000o\000r\000d\000e\000n\000a\000d\000a\000s}{chapter.7}% 48
\BOOKMARK [1][-]{section.7.2}{\376\377\0007\000.\0002\000\040\000V\000e\000c\000t\000o\000r\000e\000s\000\040\000t\000a\000n\000g\000e\000n\000t\000e\000s\000\040\000c\000o\000m\000o\000\040\000v\000e\000l\000o\000c\000i\000d\000a\000d\000e\000s\000\040\000d\000e\000\040\000c\000u\000r\000v\000a\000s}{chapter.7}% 49
\BOOKMARK [1][-]{section.7.3}{\376\377\0007\000.\0003\000\040\000E\000l\000\040\000f\000i\000b\000r\000a\000d\000o\000\040\000t\000a\000n\000g\000e\000n\000t\000e}{chapter.7}% 50
\BOOKMARK [1][-]{section.7.4}{\376\377\0007\000.\0004\000\040\000D\000i\000f\000e\000r\000e\000n\000c\000i\000a\000l\000\040\000g\000l\000o\000b\000a\000l}{chapter.7}% 51
\BOOKMARK [-1][-]{part.2}{\376\377\000I\000I\000\040\000S\000u\000b\000v\000a\000r\000i\000e\000d\000a\000d\000e\000s\000\040\000y\000\040\000t\000e\000o\000r\000e\000m\000a\000s\000\040\000d\000e\000\040\000r\000a\000n\000g\000o}{}% 52
\BOOKMARK [0][-]{chapter.8}{\376\377\0008\000\040\000P\000a\000r\000t\000i\000c\000i\000o\000n\000e\000s\000\040\000d\000e\000\040\000l\000a\000\040\000u\000n\000i\000d\000a\000d}{part.2}% 53
\BOOKMARK [1][-]{section.8.1}{\376\377\0008\000.\0001\000\040\000P\000a\000r\000t\000i\000c\000i\000o\000n\000e\000s\000\040\000d\000e\000\040\000l\000a\000\040\000U\000n\000i\000d\000a\000d}{chapter.8}% 54
\BOOKMARK [1][-]{section.8.2}{\376\377\0008\000.\0002\000\040\000F\000u\000n\000c\000i\000o\000n\000e\000s\000\040\000d\000e\000\040\000c\000o\000r\000t\000e\000\040\000y\000\040\000f\000u\000n\000c\000i\000o\000n\000e\000s\000\040\000c\000a\000m\000p\000a\000n\000a}{chapter.8}% 55
\BOOKMARK [1][-]{section.8.3}{\376\377\0008\000.\0003\000\040\000N\000o\000\040\000s\000e\000\040\000p\000o\000r\000\040\000q\000u\000e\000\040\000a\000p\000a\000r\000e\000c\000e\000n\000\040\000d\000e\000v\000u\000e\000l\000t\000a\000\040\000s\000i\000\040\000y\000a\000\040\000e\000s\000t\000a\000b\000a\000n\000\040\000a\000n\000t\000e\000s}{chapter.8}% 56
\BOOKMARK [1][-]{section.8.4}{\376\377\0008\000.\0004\000\040\000F\000a\000m\000i\000l\000i\000a\000s\000\040\000l\000o\000c\000a\000l\000m\000e\000n\000t\000e\000\040\000f\000i\000n\000i\000t\000a\000s}{chapter.8}% 57
\BOOKMARK [1][-]{section.8.5}{\376\377\0008\000.\0005\000\040\000P\000a\000r\000t\000i\000c\000i\000o\000n\000e\000s\000\040\000d\000e\000\040\000l\000a\000\040\000u\000n\000i\000d\000a\000d}{chapter.8}% 58
\BOOKMARK [1][-]{section.8.6}{\376\377\0008\000.\0006\000\040\000E\000j\000e\000m\000p\000l\000o\000\040\000\050\000A\000p\000l\000i\000c\000a\000c\000i\000o\000n\000e\000s\000\051}{chapter.8}% 59
\BOOKMARK [1][-]{section.8.7}{\376\377\0008\000.\0007\000\040\000E\000s\000p\000a\000c\000i\000o\000s\000\040\000p\000a\000r\000a\000c\000o\000m\000p\000a\000c\000t\000o\000s}{chapter.8}% 60
\BOOKMARK [1][-]{section.8.8}{\376\377\0008\000.\0008\000\040\000C\000o\000n\000s\000e\000c\000u\000e\000n\000c\000i\000a\000s\000\040\000d\000e\000\040\000l\000a\000s\000\040\000p\000a\000r\000t\000i\000c\000i\000o\000n\000e\000s\000\040\000d\000e\000\040\000l\000a\000\040\000u\000n\000i\000d\000a\000d}{chapter.8}% 61
\BOOKMARK [1][-]{section.8.9}{\376\377\0008\000.\0009\000\040\000M\000\351\000t\000r\000i\000c\000a\000\040\000r\000i\000e\000m\000a\000n\000n\000i\000a\000n\000a}{chapter.8}% 62
\BOOKMARK [0][-]{chapter.9}{\376\377\0009\000\040\000S\000u\000b\000v\000a\000r\000i\000e\000d\000a\000d\000e\000s}{part.2}% 63
\BOOKMARK [1][-]{section.9.1}{\376\377\0009\000.\0001\000\040\000S\000u\000b\000v\000a\000r\000i\000e\000d\000a\000d\000e\000s}{chapter.9}% 64
\BOOKMARK [1][-]{section.9.2}{\376\377\0009\000.\0002\000\040\000E\000j\000e\000m\000p\000l\000o\000s}{chapter.9}% 65
\BOOKMARK [1][-]{section.9.3}{\376\377\0009\000.\0003\000\040\000E\000q\000u\000i\000v\000a\000l\000e\000n\000c\000i\000a\000\040\000d\000e\000\040\000s\000u\000b\000v\000a\000r\000i\000e\000d\000a\000d\000e\000s}{chapter.9}% 66
\BOOKMARK [1][-]{section.9.4}{\376\377\0009\000.\0004\000\040\000C\000o\000n\000s\000e\000c\000u\000e\000n\000c\000i\000a\000\040\000p\000r\000\341\000c\000t\000i\000c\000a}{chapter.9}% 67
\BOOKMARK [1][-]{section.9.5}{\376\377\0009\000.\0005\000\040\000E\000j\000e\000m\000p\000l\000o\000\040\000f\000i\000n\000a\000l}{chapter.9}% 68
\BOOKMARK [0][-]{chapter.10}{\376\377\0001\0000\000\040\000T\000e\000o\000r\000e\000m\000a\000\040\000d\000e\000\040\000l\000a\000\040\000f\000u\000n\000c\000i\000\363\000n\000\040\000i\000n\000v\000e\000r\000s\000a}{part.2}% 69
\BOOKMARK [1][-]{section.10.1}{\376\377\0001\0000\000.\0001\000\040\000T\000e\000o\000r\000e\000m\000a\000\040\000d\000e\000\040\000l\000a\000\040\000f\000u\000n\000c\000i\000o\000n\000\040\000i\000n\000v\000e\000r\000s\000a\000\040\000e\000n\000\040\000v\000a\000r\000i\000e\000d\000a\000d\000e\000s}{chapter.10}% 70
\BOOKMARK [1][-]{section.10.2}{\376\377\0001\0000\000.\0002\000\040\000R\000e\000p\000a\000s\000o\000\040\000d\000e\000\040\000a\000l\000g\000e\000b\000r\000a\000\040\000l\000i\000n\000e\000a\000l}{chapter.10}% 71
\BOOKMARK [1][-]{section.10.3}{\376\377\0001\0000\000.\0003\000\040\000E\000s\000p\000a\000c\000i\000o\000\040\000c\000o\000t\000a\000n\000g\000e\000n\000t\000e}{chapter.10}% 72
\BOOKMARK [1][-]{section.10.4}{\376\377\0001\0000\000.\0004\000\040\000P\000u\000l\000l\000b\000a\000c\000k}{chapter.10}% 73
\BOOKMARK [1][-]{section.10.5}{\376\377\0001\0000\000.\0005\000\040\000F\000u\000n\000c\000i\000o\000n\000e\000s\000\040\000i\000n\000d\000e\000p\000e\000n\000d\000i\000e\000n\000t\000e\000s}{chapter.10}% 74
\BOOKMARK [0][-]{chapter.11}{\376\377\0001\0001\000\040\000F\000a\000c\000t\000o\000r\000i\000z\000a\000c\000i\000\363\000n\000\040\000y\000\040\000s\000u\000b\000v\000a\000r\000i\000e\000d\000a\000d\000e\000s\000\040\000i\000n\000c\000r\000u\000s\000t\000a\000d\000a\000s}{part.2}% 75
\BOOKMARK [1][-]{section.11.1}{\376\377\0001\0001\000.\0001\000\040\000S\000u\000b\000v\000a\000r\000i\000e\000d\000a\000d\000e\000s\000:\000\040\000f\000a\000c\000t\000o\000r\000i\000z\000a\000c\000i\000\363\000n\000\040\000e\000\040\000i\000n\000c\000r\000u\000s\000t\000a\000d\000a\000s}{chapter.11}% 76
\BOOKMARK [1][-]{section.11.2}{\376\377\0001\0001\000.\0002\000\040\000L\000e\000m\000a\000\040\000d\000e\000\040\000f\000a\000c\000t\000o\000r\000i\000z\000a\000c\000i\000\363\000n\000\040\000M\000U\000Y\000\040\000I\000M\000P\000O\000R\000T\000A\000N\000T\000E}{chapter.11}% 77
\BOOKMARK [1][-]{section.11.3}{\376\377\0001\0001\000.\0003\000\040\000U\000n\000i\000c\000i\000d\000a\000d\000\040\000d\000e\000\040\000s\000u\000b\000v\000a\000r\000i\000e\000d\000a\000d\000\040\000d\000a\000d\000a\000\040\000t\000o\000p\000o\000l\000o\000g\000i\000a}{chapter.11}% 78
\BOOKMARK [1][-]{section.11.4}{\376\377\0001\0001\000.\0004\000\040\000U\000n\000i\000c\000i\000d\000a\000d\000\040\000d\000e\000\040\000e\000s\000t\000r\000u\000c\000t\000u\000r\000a\000\040\000t\000a\000l\000\040\000q\000u\000e\000\040\000e\000s\000\040\000i\000n\000c\000r\000u\000s\000t\000a\000d\000a}{chapter.11}% 79
\BOOKMARK [0][-]{chapter.12}{\376\377\0001\0002\000\040\000R\000a\000n\000g\000o\000\040\000c\000o\000n\000s\000t\000a\000n\000t\000e\000\040\000y\000\040\000r\000e\000b\000a\000n\000a\000d\000a\000s}{part.2}% 80
\BOOKMARK [1][-]{section.12.1}{\376\377\0001\0002\000.\0001\000\040\000T\000e\000o\000r\000e\000m\000a\000\040\000d\000e\000l\000\040\000r\000a\000n\000g\000o\000\040\000c\000o\000n\000s\000t\000a\000n\000t\000e}{chapter.12}% 81
\BOOKMARK [1][-]{section.12.2}{\376\377\0001\0002\000.\0002\000\040\000C\000u\000b\000o\000\040\000a\000b\000i\000e\000r\000t\000o\000\040\000y\000\040\000r\000e\000b\000a\000n\000a\000d\000a\000s}{chapter.12}% 82
\BOOKMARK [0][-]{chapter.13}{\376\377\0001\0003\000\040\000T\000e\000o\000r\000e\000m\000a\000\040\000d\000e\000\040\000l\000a\000\040\000s\000u\000b\000v\000a\000r\000i\000e\000d\000a\000d\000\040\000i\000m\000p\000l\000\355\000c\000i\000t\000a}{part.2}% 83
\BOOKMARK [1][-]{section.13.1}{\376\377\0001\0003\000.\0001\000\040\000T\000e\000o\000r\000e\000m\000a\000\040\000d\000e\000\040\000l\000a\000\040\000S\000u\000b\000v\000a\000r\000i\000e\000d\000a\000d\000\040\000i\000m\000p\000l\000i\000c\000i\000t\000a}{chapter.13}% 84
\BOOKMARK [1][-]{section.13.2}{\376\377\0001\0003\000.\0002\000\040\000E\000j\000e\000m\000p\000l\000o\000s\000\040\000d\000e\000\040\000a\000p\000l\000i\000c\000a\000c\000i\000o\000n}{chapter.13}% 85
\BOOKMARK [1][-]{section.13.3}{\376\377\0001\0003\000.\0003\000\040\000P\000u\000n\000t\000o\000\040\000r\000e\000g\000u\000l\000a\000r\000\040\000y\000\040\000v\000a\000l\000o\000r\000\040\000r\000e\000g\000u\000l\000a\000r}{chapter.13}% 86
\BOOKMARK [0][-]{chapter.14}{\376\377\0001\0004\000\040\000E\000x\000t\000e\000n\000s\000i\000\363\000n\000\040\000y\000\040\000c\000a\000r\000a\000c\000t\000e\000r\000i\000z\000a\000c\000i\000o\000n\000e\000s\000\040\000d\000e\000\040\000s\000u\000a\000v\000i\000d\000a\000d}{part.2}% 87
\BOOKMARK [1][-]{section.14.1}{\376\377\0001\0004\000.\0001\000\040\000E\000x\000t\000e\000n\000s\000i\000o\000n\000\040\000d\000e\000\040\000f\000u\000n\000c\000i\000o\000n\000e\000s\000\040\000s\000u\000a\000v\000e\000s}{chapter.14}% 88
\BOOKMARK [1][-]{section.14.2}{\376\377\0001\0004\000.\0002\000\040\000C\000a\000m\000p\000o\000s\000\040\000v\000e\000c\000t\000o\000r\000i\000a\000l\000e\000s}{chapter.14}% 89
\BOOKMARK [-1][-]{part.3}{\376\377\000I\000I\000I\000\040\000C\000a\000m\000p\000o\000s\000\040\000v\000e\000c\000t\000o\000r\000i\000a\000l\000e\000s\000\040\000y\000\040\000f\000l\000u\000j\000o\000s}{}% 90
\BOOKMARK [0][-]{chapter.15}{\376\377\0001\0005\000\040\000C\000a\000m\000p\000o\000s\000\040\000v\000e\000c\000t\000o\000r\000i\000a\000l\000e\000s\000\040\000s\000u\000a\000v\000e\000s}{part.3}% 91
\BOOKMARK [1][-]{section.15.1}{\376\377\0001\0005\000.\0001\000\040\000C\000a\000m\000p\000o\000s\000\040\000s\000u\000a\000v\000e\000s\000\040\000y\000\040\000s\000u\000b\000v\000a\000r\000i\000e\000d\000a\000d\000e\000s}{chapter.15}% 92
\BOOKMARK [1][-]{section.15.2}{\376\377\0001\0005\000.\0002\000\040\000C\000u\000r\000v\000a\000s\000\040\000i\000n\000t\000e\000g\000r\000a\000l\000e\000s\000\040\000y\000\040\000f\000l\000u\000j\000o\000s}{chapter.15}% 93
\BOOKMARK [0][-]{chapter.16}{\376\377\0001\0006\000\040\000C\000u\000r\000v\000a\000s\000\040\000i\000n\000t\000e\000g\000r\000a\000l\000e\000s\000\040\000y\000\040\000f\000l\000u\000j\000o\000s}{part.3}% 94
\BOOKMARK [0][-]{chapter.17}{\376\377\0001\0007\000\040\000P\000r\000o\000p\000i\000e\000d\000a\000d\000e\000s\000\040\000d\000e\000\040\000l\000o\000s\000\040\000f\000l\000u\000j\000o\000s}{part.3}% 95
\BOOKMARK [1][-]{section.17.1}{\376\377\0001\0007\000.\0001\000\040\000G\000r\000o\000u\000n\000d\000w\000o\000r\000k\000\040\000d\000e\000\040\000g\000e\000n\000e\000r\000a\000d\000o\000r\000\040\000i\000n\000f\000i\000n\000i\000t\000e\000s\000i\000m\000a\000l}{chapter.17}% 96
\BOOKMARK [1][-]{section.17.2}{\376\377\0001\0007\000.\0002\000\040\000G\000e\000n\000e\000r\000a\000d\000o\000r\000\040\000i\000n\000f\000i\000n\000i\000t\000e\000s\000i\000m\000a\000l}{chapter.17}% 97
\BOOKMARK [1][-]{section.17.3}{\376\377\0001\0007\000.\0003\000\040\000U\000n\000i\000f\000o\000r\000m\000i\000d\000a\000d\000\040\000g\000l\000o\000b\000a\000l\000\040\000d\000e\000l\000\040\000t\000i\000e\000m\000p\000o}{chapter.17}% 98
\BOOKMARK [1][-]{section.17.4}{\376\377\0001\0007\000.\0004\000\040\000C\000a\000m\000p\000o\000\040\000c\000o\000n\000\040\000s\000o\000p\000o\000r\000t\000e\000\040\000c\000o\000m\000p\000a\000c\000t\000o\000\040\000e\000s\000\040\000c\000o\000m\000p\000l\000e\000t\000o}{chapter.17}% 99
\BOOKMARK [0][-]{chapter.18}{\376\377\0001\0008\000\040\000E\000n\000d\000e\000r\000e\000z\000a\000m\000i\000e\000n\000t\000o\000\040\000d\000e\000\040\000c\000a\000m\000p\000o\000s}{part.3}% 100
\BOOKMARK [1][-]{section.18.1}{\376\377\0001\0008\000.\0001\000\040\000E\000x\000t\000e\000n\000s\000i\000\363\000n\000\040\000l\000o\000c\000a\000l\000\040\000d\000e\000\040\000c\000a\000m\000p\000o\000s}{chapter.18}% 101
\BOOKMARK [1][-]{section.18.2}{\376\377\0001\0008\000.\0002\000\040\000P\000r\000i\000m\000e\000r\000a\000\040\000a\000p\000l\000i\000c\000a\000c\000i\000\363\000n\000\040\000d\000e\000l\000\040\000f\000l\000u\000j\000o\000\040\000d\000e\000\040\000u\000n\000\040\000c\000a\000m\000p\000o}{chapter.18}% 102
\BOOKMARK [0][-]{chapter.19}{\376\377\0001\0009\000\040\000C\000o\000r\000c\000h\000e\000t\000e\000\040\000d\000e\000\040\000L\000i\000e}{part.3}% 103
\BOOKMARK [1][-]{section.19.1}{\376\377\0001\0009\000.\0001\000\040\000C\000o\000r\000c\000h\000e\000t\000e\000\040\000d\000e\000\040\000L\000i\000e}{chapter.19}% 104
\BOOKMARK [1][-]{section.19.2}{\376\377\0001\0009\000.\0002\000\040\000D\000e\000r\000i\000v\000a\000d\000a\000\040\000d\000e\000\040\000L\000i\000e}{chapter.19}% 105
\BOOKMARK [1][-]{section.19.3}{\376\377\0001\0009\000.\0003\000\040\000L\000e\000m\000a\000\040\000d\000e\000\040\000u\000n\000i\000f\000o\000r\000m\000i\000d\000a\000d\000\040\000c\000o\000n\000j\000u\000n\000t\000a\000\040\000p\000a\000r\000a\000\040\000d\000o\000s\000\040\000f\000l\000u\000j\000o\000s}{chapter.19}% 106
\BOOKMARK [-1][-]{part.4}{\376\377\000I\000V\000\040\000F\000o\000r\000m\000a\000s\000\040\000d\000i\000f\000e\000r\000e\000n\000c\000i\000a\000l\000e\000s\000,\000\040\000o\000r\000i\000e\000n\000t\000a\000c\000i\000\363\000n\000\040\000e\000\040\000i\000n\000t\000e\000g\000r\000a\000c\000i\000\363\000n}{}% 107
\BOOKMARK [0][-]{chapter.20}{\376\377\0002\0000\000\040\000\301\000l\000g\000e\000b\000r\000a\000\040\000m\000u\000l\000t\000i\000l\000i\000n\000e\000a\000l\000\040\000y\000\040\000f\000o\000r\000m\000a\000s\000\040\000a\000l\000t\000e\000r\000n\000a\000n\000t\000e\000s}{part.4}% 108
\BOOKMARK [1][-]{subsection.20.0.1}{\376\377\0002\0000\000.\0000\000.\0001\000\040\000U\000n\000\040\000p\000o\000c\000o\000\040\000d\000e\000\040\000a\000l\000g\000e\000b\000r\000a\000\040\000m\000u\000l\000t\000i\000l\000i\000n\000e\000a\000l}{chapter.20}% 109
\BOOKMARK [1][-]{section.20.1}{\376\377\0002\0000\000.\0001\000\040\000T\000e\000n\000s\000o\000r\000e\000s\000\040\000c\000o\000v\000a\000r\000i\000a\000n\000t\000e\000s}{chapter.20}% 110
\BOOKMARK [0][-]{chapter.21}{\376\377\0002\0001\000\040\000F\000o\000r\000m\000a\000s\000\040\000d\000i\000f\000e\000r\000e\000n\000c\000i\000a\000l\000e\000s}{part.4}% 111
\BOOKMARK [1][-]{section.21.1}{\376\377\0002\0001\000.\0001\000\040\000C\000o\000n\000j\000u\000n\000t\000o\000\040\000d\000e\000\040\000f\000o\000r\000m\000a\000s\000\040\000d\000i\000f\000e\000r\000e\000n\000c\000i\000a\000l\000e\000s}{chapter.21}% 112
\BOOKMARK [1][-]{section.21.2}{\376\377\0002\0001\000.\0002\000\040\000S\000u\000a\000v\000i\000d\000a\000d\000\040\000d\000e\000\040\000k\000-\000f\000o\000r\000m\000a\000s}{chapter.21}% 113
\BOOKMARK [1][-]{section.21.3}{\376\377\0002\0001\000.\0003\000\040\000L\000a\000\040\000d\000i\000f\000e\000r\000e\000n\000c\000i\000a\000l\000\040\000e\000x\000t\000e\000r\000i\000o\000r}{chapter.21}% 114
\BOOKMARK [1][-]{section.21.4}{\376\377\0002\0001\000.\0004\000\040\000G\000l\000o\000s\000a\000r\000i\000o}{chapter.21}% 115
\BOOKMARK [0][-]{chapter.22}{\376\377\0002\0002\000\040\000C\000o\000m\000p\000l\000e\000j\000o\000\040\000d\000e\000\040\000d\000e\000\040\000R\000h\000a\000m\000\040\000y\000\040\000p\000u\000l\000l\000b\000a\000c\000k\000s}{part.4}% 116
\BOOKMARK [1][-]{section.22.1}{\376\377\0002\0002\000.\0001\000\040\000C\000o\000m\000p\000l\000e\000j\000o\000\040\000d\000e\000\040\000d\000e\000\040\000R\000h\000a\000m}{chapter.22}% 117
\BOOKMARK [1][-]{section.22.2}{\376\377\0002\0002\000.\0002\000\040\000P\000u\000l\000l\000b\000a\000c\000k\000\040\000d\000e\000\040\000f\000o\000r\000m\000a\000s}{chapter.22}% 118
\BOOKMARK [0][-]{chapter.23}{\376\377\0002\0003\000\040\000D\000i\000s\000t\000r\000i\000b\000u\000c\000i\000o\000n\000e\000s\000\040\000y\000\040\000t\000e\000o\000r\000e\000m\000a\000\040\000d\000e\000\040\000F\000r\000o\000b\000e\000n\000i\000u\000s}{part.4}% 119
\BOOKMARK [1][-]{section.23.1}{\376\377\0002\0003\000.\0001\000\040\000D\000i\000s\000t\000r\000i\000b\000u\000c\000i\000o\000n\000e\000s}{chapter.23}% 120
\BOOKMARK [0][-]{chapter.24}{\376\377\0002\0004\000\040\000O\000r\000i\000e\000n\000t\000a\000c\000i\000\363\000n}{part.4}% 121
\BOOKMARK [1][-]{section.24.1}{\376\377\0002\0004\000.\0001\000\040\000O\000r\000i\000e\000n\000t\000a\000c\000i\000o\000n\000\040\000d\000e\000\040\000e\000s\000p\000a\000c\000i\000o\000s\000\040\000v\000e\000c\000t\000o\000r\000i\000a\000l\000e\000s}{chapter.24}% 122
\BOOKMARK [1][-]{section.24.2}{\376\377\0002\0004\000.\0002\000\040\000O\000r\000i\000e\000n\000t\000a\000c\000i\000o\000n\000\040\000d\000e\000\040\000v\000a\000r\000i\000e\000d\000a\000d\000e\000s}{chapter.24}% 123
\BOOKMARK [1][-]{section.24.3}{\376\377\0002\0004\000.\0003\000\040\000E\000s\000t\000o\000\040\000n\000o\000\040\000l\000o\000\040\000d\000i\000o\000\040\000e\000n\000\040\000c\000l\000a\000s\000e}{chapter.24}% 124
\BOOKMARK [2][-]{subsection.24.3.1}{\376\377\0002\0004\000.\0003\000.\0001\000\040\000O\000r\000i\000e\000n\000t\000a\000c\000i\000o\000n\000\040\000i\000n\000d\000u\000c\000i\000d\000a\000\040\000e\000n\000\040\000e\000l\000\040\000b\000o\000r\000d\000e}{section.24.3}% 125
\BOOKMARK [0][-]{chapter.25}{\376\377\0002\0005\000\040\000I\000n\000t\000e\000g\000r\000a\000c\000i\000\363\000n\000\040\000s\000o\000b\000r\000e\000\040\000v\000a\000r\000i\000e\000d\000a\000d\000e\000s}{part.4}% 126
\BOOKMARK [1][-]{section.25.1}{\376\377\0002\0005\000.\0001\000\040\000I\000n\000t\000e\000g\000r\000a\000c\000i\000o\000n\000\040\000s\000o\000b\000r\000e\000\040\000v\000a\000r\000i\000e\000d\000a\000d\000e\000s}{chapter.25}% 127
\BOOKMARK [0][-]{chapter*.89}{\376\377\000N\000o\000t\000a\000\040\000s\000o\000b\000r\000e\000\040\000l\000a\000s\000\040\000f\000u\000e\000n\000t\000e\000s}{part.4}% 128
